2026-05-27 19:23:15 [INFO] ============================================================
2026-05-27 19:23:15 [INFO] Ingest started   partition_date=2026-05-27
2026-05-27 19:23:15 [INFO] Database         /home/dkrysmann/projects/assesement_opp/stages.duckdb
2026-05-27 19:23:15 [INFO] ============================================================
2026-05-27 19:23:15 [DEBUG] Schema 'stage_ingest' ready.
2026-05-27 19:23:15 [DEBUG] Table 'stage_ingest.product_sales' ready.
2026-05-27 19:23:15 [DEBUG] Table 'stage_ingest.merchants' ready.
2026-05-27 19:23:15 [DEBUG] Table 'stage_ingest.customers' ready.
2026-05-27 19:23:15 [DEBUG] Table 'stage_ingest.bonus_tiers' ready.
2026-05-27 19:23:15 [INFO] Processing 'product_sales'  →  /home/dkrysmann/projects/assesement_opp/data/product_sales/2026/05/27/product_sales.csv
2026-05-27 19:23:15 [INFO]   [SKIP]  'product_sales' already loaded.
2026-05-27 19:23:15 [INFO] Processing 'merchants'  →  /home/dkrysmann/projects/assesement_opp/data/merchants/2026/05/27/merchants.csv
2026-05-27 19:23:15 [INFO]   [SKIP]  'merchants' already loaded.
2026-05-27 19:23:15 [INFO] Processing 'customers'  →  /home/dkrysmann/projects/assesement_opp/data/customers/2026/05/27/customers.csv
2026-05-27 19:23:15 [INFO]   [SKIP]  'customers' already loaded.
2026-05-27 19:23:15 [INFO] Processing 'bonus_tiers'  →  /home/dkrysmann/projects/assesement_opp/data/bonus_tiers/2026/05/27/bonus_tiers.csv
2026-05-27 19:23:15 [INFO]   [SKIP]  'bonus_tiers' already loaded.
2026-05-27 19:23:15 [INFO] 
2026-05-27 19:23:15 [INFO] ============================================================
2026-05-27 19:23:15 [INFO] SUMMARY  partition_date=2026-05-27
2026-05-27 19:23:15 [INFO] TABLE                STATUS     ROWS     NOTE
2026-05-27 19:23:15 [INFO] ------------------------------------------------------------
2026-05-27 19:23:15 [INFO] product_sales        SKIPPED    0        already loaded
2026-05-27 19:23:15 [INFO] merchants            SKIPPED    0        already loaded
2026-05-27 19:23:15 [INFO] customers            SKIPPED    0        already loaded
2026-05-27 19:23:15 [INFO] bonus_tiers          SKIPPED    0        already loaded
2026-05-27 19:23:15 [INFO] ============================================================
